2026-10-04 18:03:27,400 | INFO    | __main__ | baixado: VRA_20251.csv (12321 KB)
2026-10-04 18:03:33,734 | INFO    | __main__ | VRA_20251.csv → 1943 chegadas SBPA (['REALIZADO'])
2026-10-04 18:03:56,995 | INFO    | __main__ | baixado: VRA_20252.csv (10858 KB)
2026-10-04 18:03:57,531 | INFO    | __main__ | VRA_20252.csv → 1890 chegadas SBPA (['REALIZADO'])
2026-10-04 18:04:12,770 | INFO    | __main__ | baixado: VRA_20253.csv (11332 KB)
2026-10-04 18:04:13,397 | INFO    | __main__ | VRA_20253.csv → 2115 chegadas SBPA (['REALIZADO'])
2026-10-04 18:04:19,809 | INFO    | __main__ | baixado: VRA_20254.csv (11186 KB)
2026-10-04 18:04:20,424 | INFO    | __main__ | VRA_20254.csv → 2229 chegadas SBPA (['REALIZADO'])
2026-10-04 18:04:40,068 | INFO    | __main__ | baixado: VRA_20255.csv (11468 KB)
2026-10-04 18:04:40,733 | INFO    | __main__ | VRA_20255.csv → 2361 chegadas SBPA (['REALIZADO'])
2026-10-04 18:04:59,435 | INFO    | __main__ | baixado: VRA_20256.csv (11227 KB)
2026-10-04 18:04:59,968 | INFO    | __main__ | VRA_20256.csv → 2281 chegadas SBPA (['REALIZADO'])
2026-10-04 18:05:17,102 | INFO    | __main__ | baixado: VRA_20257.csv (12167 KB)
2026-10-04 18:05:17,823 | INFO    | __main__ | VRA_20257.csv → 2391 chegadas SBPA (['REALIZADO'])
2026-10-04 18:05:32,535 | INFO    | __main__ | baixado: VRA_20258.csv (11758 KB)
2026-10-04 18:05:33,167 | INFO    | __main__ | VRA_20258.csv → 2455 chegadas SBPA (['REALIZADO'])
2026-10-04 18:05:47,071 | INFO    | __main__ | baixado: VRA_20259.csv (11393 KB)
2026-10-04 18:05:47,633 | INFO    | __main__ | VRA_20259.csv → 2577 chegadas SBPA (['REALIZADO'])
2026-10-04 18:06:07,916 | INFO    | __main__ | baixado: VRA_202510.csv (11861 KB)
2026-10-04 18:06:08,561 | INFO    | __main__ | VRA_202510.csv → 2690 chegadas SBPA (['REALIZADO'])
2026-10-04 18:06:24,639 | INFO    | __main__ | baixado: VRA_202511.csv (11363 KB)
2026-10-04 18:06:25,039 | INFO    | __main__ | VRA_202511.csv → 2539 chegadas SBPA (['REALIZADO'])
2026-10-04 18:06:48,936 | INFO    | __main__ | baixado: VRA_202512.csv (12235 KB)
2026-10-04 18:06:49,376 | INFO    | __main__ | VRA_202512.csv → 2488 chegadas SBPA (['REALIZADO'])
2026-10-04 18:06:49,904 | INFO    | __main__ | missing scheduled_dep: 3.88%
2026-10-04 18:06:49,905 | INFO    | __main__ | missing actual_dep: 0.00%
2026-10-04 18:06:49,905 | INFO    | __main__ | missing scheduled_arr: 3.88%
2026-10-04 18:06:49,905 | INFO    | __main__ | missing actual_arr: 0.00%
2026-10-04 18:06:49,905 | INFO    | __main__ | missing delay_arr_min: 3.88%
2026-10-04 18:06:50,851 | INFO    | __main__ | ANAC VRA salvo: 27959 chegadas | 12 meses | colunas: ['airline_icao', 'flight_number', 'auth_code', 'route_type', 'origin_icao', 'dest_icao', 'scheduled_dep', 'actual_dep', 'scheduled_arr', 'actual_arr', 'flight_status', 'delay_code', 'delay_arr_min', 'delay_dep_min', 'is_delayed', 'arr_hour_local', 'source_file', 'source_month']
2026-10-04 18:25:28,913 | INFO    | __main__ | já existe localmente: VRA_20251.csv (pulando download)
2026-10-04 18:25:29,406 | INFO    | __main__ | VRA_20251.csv → 1943 chegadas SBPA (['REALIZADO'])
2026-10-04 18:25:29,907 | INFO    | __main__ | já existe localmente: VRA_20252.csv (pulando download)
2026-10-04 18:25:30,260 | INFO    | __main__ | VRA_20252.csv → 1890 chegadas SBPA (['REALIZADO'])
2026-10-04 18:25:30,760 | INFO    | __main__ | já existe localmente: VRA_20253.csv (pulando download)
2026-10-04 18:25:31,239 | INFO    | __main__ | VRA_20253.csv → 2115 chegadas SBPA (['REALIZADO'])
2026-10-04 18:25:31,739 | INFO    | __main__ | já existe localmente: VRA_20254.csv (pulando download)
2026-10-04 18:25:32,297 | INFO    | __main__ | VRA_20254.csv → 2229 chegadas SBPA (['REALIZADO'])
2026-10-04 18:25:32,798 | INFO    | __main__ | já existe localmente: VRA_20255.csv (pulando download)
2026-10-04 18:25:33,372 | INFO    | __main__ | VRA_20255.csv → 2361 chegadas SBPA (['REALIZADO'])
2026-10-04 18:25:33,873 | INFO    | __main__ | já existe localmente: VRA_20256.csv (pulando download)
2026-10-04 18:25:34,430 | INFO    | __main__ | VRA_20256.csv → 2281 chegadas SBPA (['REALIZADO'])
2026-10-04 18:25:34,931 | INFO    | __main__ | já existe localmente: VRA_20257.csv (pulando download)
2026-10-04 18:25:35,472 | INFO    | __main__ | VRA_20257.csv → 2391 chegadas SBPA (['REALIZADO'])
2026-10-04 18:25:35,974 | INFO    | __main__ | já existe localmente: VRA_20258.csv (pulando download)
2026-10-04 18:25:36,508 | INFO    | __main__ | VRA_20258.csv → 2455 chegadas SBPA (['REALIZADO'])
2026-10-04 18:25:37,010 | INFO    | __main__ | já existe localmente: VRA_20259.csv (pulando download)
2026-10-04 18:25:37,569 | INFO    | __main__ | VRA_20259.csv → 2577 chegadas SBPA (['REALIZADO'])
2026-10-04 18:25:38,070 | INFO    | __main__ | já existe localmente: VRA_202510.csv (pulando download)
2026-10-04 18:25:38,642 | INFO    | __main__ | VRA_202510.csv → 2690 chegadas SBPA (['REALIZADO'])
2026-10-04 18:25:39,143 | INFO    | __main__ | já existe localmente: VRA_202511.csv (pulando download)
2026-10-04 18:25:39,726 | INFO    | __main__ | VRA_202511.csv → 2539 chegadas SBPA (['REALIZADO'])
2026-10-04 18:25:40,227 | INFO    | __main__ | já existe localmente: VRA_202512.csv (pulando download)
2026-10-04 18:25:40,884 | INFO    | __main__ | VRA_202512.csv → 2488 chegadas SBPA (['REALIZADO'])
2026-10-04 18:25:41,434 | INFO    | __main__ | missing scheduled_dep: 3.88%
2026-10-04 18:25:41,434 | INFO    | __main__ | missing actual_dep: 0.00%
2026-10-04 18:25:41,435 | INFO    | __main__ | missing scheduled_arr: 3.88%
2026-10-04 18:25:41,438 | INFO    | __main__ | missing actual_arr: 0.00%
2026-10-04 18:25:41,439 | INFO    | __main__ | missing delay_arr_min: 3.88%
2026-10-04 18:25:41,772 | INFO    | __main__ | ANAC VRA salvo: 27959 chegadas | 12 meses | colunas: ['airline_icao', 'flight_number', 'auth_code', 'route_type', 'origin_icao', 'dest_icao', 'scheduled_dep', 'actual_dep', 'scheduled_arr', 'actual_arr', 'flight_status', 'delay_code', 'delay_arr_min', 'delay_dep_min', 'is_delayed', 'arr_hour_local', 'source_file', 'source_month']
